[
 {
  "id": "archive-access-probe-2026-09-23",
  "status": "published",
  "type": "measurements",
  "items": [
   {
    "id": "run-1",
    "kind": "ledger_run",
    "access": "public",
    "download": true,
    "origin": "derived"
   }
  ]
 },
 {
  "id": "colab-p01-runs",
  "status": "published",
  "type": "dataset",
  "items": [
   {
    "id": "colab-p01-runs",
    "kind": "document",
    "access": "public",
    "download": true,
    "origin": "project"
   },
   {
    "id": "colab-p01-manifest",
    "kind": "archive_manifest",
    "access": "public",
    "download": false,
    "origin": "derived"
   },
   {
    "id": "colab-p01-journal",
    "kind": "file",
    "access": "public",
    "download": true,
    "origin": "derived"
   },
   {
    "id": "colab-p01-summary",
    "kind": "file",
    "access": "public",
    "download": true,
    "origin": "project"
   }
  ]
 },
 {
  "id": "cygnus-candidates-2026-09",
  "status": "published",
  "type": "candidates",
  "items": [
   {
    "id": "cyg-2026-09-toi224-01",
    "kind": "candidate",
    "access": "public",
    "download": true,
    "origin": "project"
   },
   {
    "id": "cyg-2026-09-toi2666-01",
    "kind": "candidate",
    "access": "public",
    "download": true,
    "origin": "project"
   },
   {
    "id": "cyg-2026-09-toi3500-02",
    "kind": "candidate",
    "access": "public",
    "download": true,
    "origin": "project"
   }
  ]
 },
 {
  "id": "cygnus-software-0-1-0",
  "status": "published",
  "type": "software",
  "items": [
   {
    "id": "module-register",
    "kind": "module_register",
    "access": "public",
    "download": false,
    "origin": "project"
   },
   {
    "id": "source-archive",
    "kind": "file",
    "access": "restricted",
    "download": false,
    "origin": "project"
   }
  ]
 },
 {
  "id": "project-specification",
  "status": "published",
  "type": "documents",
  "items": [
   {
    "id": "agents-spec",
    "kind": "document",
    "access": "public",
    "download": true,
    "origin": "project"
   },
   {
    "id": "analysis-stack",
    "kind": "document",
    "access": "public",
    "download": true,
    "origin": "project"
   },
   {
    "id": "data-sources",
    "kind": "document",
    "access": "public",
    "download": true,
    "origin": "project"
   },
   {
    "id": "analysis-suite",
    "kind": "document",
    "access": "public",
    "download": true,
    "origin": "project"
   },
   {
    "id": "test-architecture-draft",
    "kind": "document",
    "access": "public",
    "download": true,
    "origin": "project"
   }
  ]
 },
 {
  "id": "tess-mono-01",
  "status": "published",
  "type": "campaign",
  "items": [
   {
    "id": "spec",
    "kind": "campaign",
    "access": "public",
    "download": true,
    "origin": "project"
   }
  ]
 },
 {
  "id": "tess-periodic-01",
  "status": "published",
  "type": "campaign",
  "items": [
   {
    "id": "toi-1019-01-spec",
    "kind": "campaign",
    "access": "public",
    "download": true,
    "origin": "project"
   },
   {
    "id": "toi-1019-01-report",
    "kind": "document",
    "access": "public",
    "download": true,
    "origin": "project"
   },
   {
    "id": "toi-1019-01-search-log",
    "kind": "document",
    "access": "public",
    "download": true,
    "origin": "project"
   },
   {
    "id": "toi-1059-01-spec",
    "kind": "campaign",
    "access": "public",
    "download": true,
    "origin": "project"
   },
   {
    "id": "toi-1059-01-report",
    "kind": "document",
    "access": "public",
    "download": true,
    "origin": "project"
   },
   {
    "id": "toi-1059-01-search-log",
    "kind": "document",
    "access": "public",
    "download": true,
    "origin": "project"
   },
   {
    "id": "toi-1114-01-spec",
    "kind": "campaign",
    "access": "public",
    "download": true,
    "origin": "project"
   },
   {
    "id": "toi-1114-01-report",
    "kind": "document",
    "access": "public",
    "download": true,
    "origin": "project"
   },
   {
    "id": "toi-1114-01-search-log",
    "kind": "document",
    "access": "public",
    "download": true,
    "origin": "project"
   },
   {
    "id": "toi-1124-01-spec",
    "kind": "campaign",
    "access": "public",
    "download": true,
    "origin": "project"
   },
   {
    "id": "toi-1124-01-report",
    "kind": "document",
    "access": "public",
    "download": true,
    "origin": "project"
   },
   {
    "id": "toi-1124-01-search-log",
    "kind": "document",
    "access": "public",
    "download": true,
    "origin": "project"
   },
   {
    "id": "toi-1149-01-spec",
    "kind": "campaign",
    "access": "public",
    "download": true,
    "origin": "project"
   },
   {
    "id": "toi-1149-01-report",
    "kind": "document",
    "access": "public",
    "download": true,
    "origin": "project"
   },
   {
    "id": "toi-1149-01-search-log",
    "kind": "document",
    "access": "public",
    "download": true,
    "origin": "project"
   },
   {
    "id": "toi-1192-01-spec",
    "kind": "campaign",
    "access": "public",
    "download": true,
    "origin": "project"
   },
   {
    "id": "toi-1192-01-report",
    "kind": "document",
    "access": "public",
    "download": true,
    "origin": "project"
   },
   {
    "id": "toi-1192-01-search-log",
    "kind": "document",
    "access": "public",
    "download": true,
    "origin": "project"
   },
   {
    "id": "toi-121-01-spec",
    "kind": "campaign",
    "access": "public",
    "download": true,
    "origin": "project"
   },
   {
    "id": "toi-121-01-report",
    "kind": "document",
    "access": "public",
    "download": true,
    "origin": "project"
   },
   {
    "id": "toi-121-01-search-log",
    "kind": "document",
    "access": "public",
    "download": true,
    "origin": "project"
   },
   {
    "id": "toi-1229-01-spec",
    "kind": "campaign",
    "access": "public",
    "download": true,
    "origin": "project"
   },
   {
    "id": "toi-1229-01-report",
    "kind": "document",
    "access": "public",
    "download": true,
    "origin": "project"
   },
   {
    "id": "toi-1229-01-search-log",
    "kind": "document",
    "access": "public",
    "download": true,
    "origin": "project"
   },
   {
    "id": "toi-1351-01-spec",
    "kind": "campaign",
    "access": "public",
    "download": true,
    "origin": "project"
   },
   {
    "id": "toi-1351-01-report",
    "kind": "document",
    "access": "public",
    "download": true,
    "origin": "project"
   },
   {
    "id": "toi-1351-01-search-log",
    "kind": "document",
    "access": "public",
    "download": true,
    "origin": "project"
   },
   {
    "id": "toi-1356-01-spec",
    "kind": "campaign",
    "access": "public",
    "download": true,
    "origin": "project"
   },
   {
    "id": "toi-1356-01-report",
    "kind": "document",
    "access": "public",
    "download": true,
    "origin": "project"
   },
   {
    "id": "toi-1356-01-search-log",
    "kind": "document",
    "access": "public",
    "download": true,
    "origin": "project"
   },
   {
    "id": "toi-1379-01-spec",
    "kind": "campaign",
    "access": "public",
    "download": true,
    "origin": "project"
   },
   {
    "id": "toi-1379-01-report",
    "kind": "document",
    "access": "public",
    "download": true,
    "origin": "project"
   },
   {
    "id": "toi-1379-01-search-log",
    "kind": "document",
    "access": "public",
    "download": true,
    "origin": "project"
   },
   {
    "id": "toi-1433-01-spec",
    "kind": "campaign",
    "access": "public",
    "download": true,
    "origin": "project"
   },
   {
    "id": "toi-1433-01-report",
    "kind": "document",
    "access": "public",
    "download": true,
    "origin": "project"
   },
   {
    "id": "toi-1433-01-search-log",
    "kind": "document",
    "access": "public",
    "download": true,
    "origin": "project"
   },
   {
    "id": "toi-1455-01-spec",
    "kind": "campaign",
    "access": "public",
    "download": true,
    "origin": "project"
   },
   {
    "id": "toi-1455-01-report",
    "kind": "document",
    "access": "public",
    "download": true,
    "origin": "project"
   },
   {
    "id": "toi-1455-01-search-log",
    "kind": "document",
    "access": "public",
    "download": true,
    "origin": "project"
   },
   {
    "id": "toi-1457-01-spec",
    "kind": "campaign",
    "access": "public",
    "download": true,
    "origin": "project"
   },
   {
    "id": "toi-1457-01-report",
    "kind": "document",
    "access": "public",
    "download": true,
    "origin": "project"
   },
   {
    "id": "toi-1457-01-search-log",
    "kind": "document",
    "access": "public",
    "download": true,
    "origin": "project"
   },
   {
    "id": "toi-1461-01-spec",
    "kind": "campaign",
    "access": "public",
    "download": true,
    "origin": "project"
   },
   {
    "id": "toi-1461-01-report",
    "kind": "document",
    "access": "public",
    "download": true,
    "origin": "project"
   },
   {
    "id": "toi-1461-01-search-log",
    "kind": "document",
    "access": "public",
    "download": true,
    "origin": "project"
   },
   {
    "id": "toi-1528-01-spec",
    "kind": "campaign",
    "access": "public",
    "download": true,
    "origin": "project"
   },
   {
    "id": "toi-1528-01-report",
    "kind": "document",
    "access": "public",
    "download": true,
    "origin": "project"
   },
   {
    "id": "toi-1528-01-search-log",
    "kind": "document",
    "access": "public",
    "download": true,
    "origin": "project"
   },
   {
    "id": "toi-162-01-spec",
    "kind": "campaign",
    "access": "public",
    "download": true,
    "origin": "project"
   },
   {
    "id": "toi-162-01-report",
    "kind": "document",
    "access": "public",
    "download": true,
    "origin": "project"
   },
   {
    "id": "toi-162-01-search-log",
    "kind": "document",
    "access": "public",
    "download": true,
    "origin": "project"
   },
   {
    "id": "toi-1656-01-spec",
    "kind": "campaign",
    "access": "public",
    "download": true,
    "origin": "project"
   },
   {
    "id": "toi-1656-01-report",
    "kind": "document",
    "access": "public",
    "download": true,
    "origin": "project"
   },
   {
    "id": "toi-1656-01-search-log",
    "kind": "document",
    "access": "public",
    "download": true,
    "origin": "project"
   },
   {
    "id": "toi-1709-01-spec",
    "kind": "campaign",
    "access": "public",
    "download": true,
    "origin": "project"
   },
   {
    "id": "toi-1709-01-report",
    "kind": "document",
    "access": "public",
    "download": true,
    "origin": "project"
   },
   {
    "id": "toi-1709-01-search-log",
    "kind": "document",
    "access": "public",
    "download": true,
    "origin": "project"
   },
   {
    "id": "toi-173-01-spec",
    "kind": "campaign",
    "access": "public",
    "download": true,
    "origin": "project"
   },
   {
    "id": "toi-173-01-report",
    "kind": "document",
    "access": "public",
    "download": true,
    "origin": "project"
   },
   {
    "id": "toi-173-01-search-log",
    "kind": "document",
    "access": "public",
    "download": true,
    "origin": "project"
   },
   {
    "id": "toi-1861-01-spec",
    "kind": "campaign",
    "access": "public",
    "download": true,
    "origin": "project"
   },
   {
    "id": "toi-1861-01-report",
    "kind": "document",
    "access": "public",
    "download": true,
    "origin": "project"
   },
   {
    "id": "toi-1861-01-search-log",
    "kind": "document",
    "access": "public",
    "download": true,
    "origin": "project"
   },
   {
    "id": "toi-1949-01-spec",
    "kind": "campaign",
    "access": "public",
    "download": true,
    "origin": "project"
   },
   {
    "id": "toi-1949-01-report",
    "kind": "document",
    "access": "public",
    "download": true,
    "origin": "project"
   },
   {
    "id": "toi-1949-01-search-log",
    "kind": "document",
    "access": "public",
    "download": true,
    "origin": "project"
   },
   {
    "id": "toi-1976-01-spec",
    "kind": "campaign",
    "access": "public",
    "download": true,
    "origin": "project"
   },
   {
    "id": "toi-1976-01-report",
    "kind": "document",
    "access": "public",
    "download": true,
    "origin": "project"
   },
   {
    "id": "toi-1976-01-search-log",
    "kind": "document",
    "access": "public",
    "download": true,
    "origin": "project"
   },
   {
    "id": "toi-1986-01-spec",
    "kind": "campaign",
    "access": "public",
    "download": true,
    "origin": "project"
   },
   {
    "id": "toi-1986-01-report",
    "kind": "document",
    "access": "public",
    "download": true,
    "origin": "project"
   },
   {
    "id": "toi-1986-01-search-log",
    "kind": "document",
    "access": "public",
    "download": true,
    "origin": "project"
   },
   {
    "id": "toi-2031-01-spec",
    "kind": "campaign",
    "access": "public",
    "download": true,
    "origin": "project"
   },
   {
    "id": "toi-2031-01-report",
    "kind": "document",
    "access": "public",
    "download": true,
    "origin": "project"
   },
   {
    "id": "toi-2031-01-search-log",
    "kind": "document",
    "access": "public",
    "download": true,
    "origin": "project"
   },
   {
    "id": "toi-2108-01-spec",
    "kind": "campaign",
    "access": "public",
    "download": true,
    "origin": "project"
   },
   {
    "id": "toi-2108-01-report",
    "kind": "document",
    "access": "public",
    "download": true,
    "origin": "project"
   },
   {
    "id": "toi-2108-01-search-log",
    "kind": "document",
    "access": "public",
    "download": true,
    "origin": "project"
   },
   {
    "id": "toi-2137-01-spec",
    "kind": "campaign",
    "access": "public",
    "download": true,
    "origin": "project"
   },
   {
    "id": "toi-2137-01-report",
    "kind": "document",
    "access": "public",
    "download": true,
    "origin": "project"
   },
   {
    "id": "toi-2137-01-search-log",
    "kind": "document",
    "access": "public",
    "download": true,
    "origin": "project"
   },
   {
    "id": "toi-2183-01-spec",
    "kind": "campaign",
    "access": "public",
    "download": true,
    "origin": "project"
   },
   {
    "id": "toi-2183-01-report",
    "kind": "document",
    "access": "public",
    "download": true,
    "origin": "project"
   },
   {
    "id": "toi-2183-01-search-log",
    "kind": "document",
    "access": "public",
    "download": true,
    "origin": "project"
   },
   {
    "id": "toi-224-01-spec",
    "kind": "campaign",
    "access": "public",
    "download": true,
    "origin": "project"
   },
   {
    "id": "toi-224-01-report",
    "kind": "document",
    "access": "public",
    "download": true,
    "origin": "project"
   },
   {
    "id": "toi-224-01-search-log",
    "kind": "document",
    "access": "public",
    "download": true,
    "origin": "project"
   },
   {
    "id": "toi-2349-01-spec",
    "kind": "campaign",
    "access": "public",
    "download": true,
    "origin": "project"
   },
   {
    "id": "toi-2349-01-report",
    "kind": "document",
    "access": "public",
    "download": true,
    "origin": "project"
   },
   {
    "id": "toi-2349-01-search-log",
    "kind": "document",
    "access": "public",
    "download": true,
    "origin": "project"
   },
   {
    "id": "toi-2613-01-spec",
    "kind": "campaign",
    "access": "public",
    "download": true,
    "origin": "project"
   },
   {
    "id": "toi-2613-01-report",
    "kind": "document",
    "access": "public",
    "download": true,
    "origin": "project"
   },
   {
    "id": "toi-2613-01-search-log",
    "kind": "document",
    "access": "public",
    "download": true,
    "origin": "project"
   },
   {
    "id": "toi-2645-01-spec",
    "kind": "campaign",
    "access": "public",
    "download": true,
    "origin": "project"
   },
   {
    "id": "toi-2645-01-report",
    "kind": "document",
    "access": "public",
    "download": true,
    "origin": "project"
   },
   {
    "id": "toi-2645-01-search-log",
    "kind": "document",
    "access": "public",
    "download": true,
    "origin": "project"
   },
   {
    "id": "toi-2782-01-spec",
    "kind": "campaign",
    "access": "public",
    "download": true,
    "origin": "project"
   },
   {
    "id": "toi-2782-01-report",
    "kind": "document",
    "access": "public",
    "download": true,
    "origin": "project"
   },
   {
    "id": "toi-2782-01-search-log",
    "kind": "document",
    "access": "public",
    "download": true,
    "origin": "project"
   },
   {
    "id": "toi-3012-01-spec",
    "kind": "campaign",
    "access": "public",
    "download": true,
    "origin": "project"
   },
   {
    "id": "toi-3012-01-report",
    "kind": "document",
    "access": "public",
    "download": true,
    "origin": "project"
   },
   {
    "id": "toi-3012-01-search-log",
    "kind": "document",
    "access": "public",
    "download": true,
    "origin": "project"
   },
   {
    "id": "toi-3048-01-spec",
    "kind": "campaign",
    "access": "public",
    "download": true,
    "origin": "project"
   },
   {
    "id": "toi-3048-01-report",
    "kind": "document",
    "access": "public",
    "download": true,
    "origin": "project"
   },
   {
    "id": "toi-3048-01-search-log",
    "kind": "document",
    "access": "public",
    "download": true,
    "origin": "project"
   },
   {
    "id": "toi-3098-01-spec",
    "kind": "campaign",
    "access": "public",
    "download": true,
    "origin": "project"
   },
   {
    "id": "toi-3098-01-report",
    "kind": "document",
    "access": "public",
    "download": true,
    "origin": "project"
   },
   {
    "id": "toi-3098-01-search-log",
    "kind": "document",
    "access": "public",
    "download": true,
    "origin": "project"
   },
   {
    "id": "toi-3157-01-spec",
    "kind": "campaign",
    "access": "public",
    "download": true,
    "origin": "project"
   },
   {
    "id": "toi-3157-01-report",
    "kind": "document",
    "access": "public",
    "download": true,
    "origin": "project"
   },
   {
    "id": "toi-3157-01-search-log",
    "kind": "document",
    "access": "public",
    "download": true,
    "origin": "project"
   },
   {
    "id": "toi-316-01-spec",
    "kind": "campaign",
    "access": "public",
    "download": true,
    "origin": "project"
   },
   {
    "id": "toi-316-01-report",
    "kind": "document",
    "access": "public",
    "download": true,
    "origin": "project"
   },
   {
    "id": "toi-316-01-search-log",
    "kind": "document",
    "access": "public",
    "download": true,
    "origin": "project"
   },
   {
    "id": "toi-3223-01-spec",
    "kind": "campaign",
    "access": "public",
    "download": true,
    "origin": "project"
   },
   {
    "id": "toi-3223-01-report",
    "kind": "document",
    "access": "public",
    "download": true,
    "origin": "project"
   },
   {
    "id": "toi-3223-01-search-log",
    "kind": "document",
    "access": "public",
    "download": true,
    "origin": "project"
   },
   {
    "id": "toi-3241-01-spec",
    "kind": "campaign",
    "access": "public",
    "download": true,
    "origin": "project"
   },
   {
    "id": "toi-3241-01-report",
    "kind": "document",
    "access": "public",
    "download": true,
    "origin": "project"
   },
   {
    "id": "toi-3241-01-search-log",
    "kind": "document",
    "access": "public",
    "download": true,
    "origin": "project"
   },
   {
    "id": "toi-3312-01-spec",
    "kind": "campaign",
    "access": "public",
    "download": true,
    "origin": "project"
   },
   {
    "id": "toi-3312-01-report",
    "kind": "document",
    "access": "public",
    "download": true,
    "origin": "project"
   },
   {
    "id": "toi-3312-01-search-log",
    "kind": "document",
    "access": "public",
    "download": true,
    "origin": "project"
   },
   {
    "id": "toi-340-01-spec",
    "kind": "campaign",
    "access": "public",
    "download": true,
    "origin": "project"
   },
   {
    "id": "toi-340-01-report",
    "kind": "document",
    "access": "public",
    "download": true,
    "origin": "project"
   },
   {
    "id": "toi-340-01-search-log",
    "kind": "document",
    "access": "public",
    "download": true,
    "origin": "project"
   },
   {
    "id": "toi-3460-01-spec",
    "kind": "campaign",
    "access": "public",
    "download": true,
    "origin": "project"
   },
   {
    "id": "toi-3460-01-report",
    "kind": "document",
    "access": "public",
    "download": true,
    "origin": "project"
   },
   {
    "id": "toi-3460-01-search-log",
    "kind": "document",
    "access": "public",
    "download": true,
    "origin": "project"
   },
   {
    "id": "toi-3487-01-spec",
    "kind": "campaign",
    "access": "public",
    "download": true,
    "origin": "project"
   },
   {
    "id": "toi-3487-01-report",
    "kind": "document",
    "access": "public",
    "download": true,
    "origin": "project"
   },
   {
    "id": "toi-3487-01-search-log",
    "kind": "document",
    "access": "public",
    "download": true,
    "origin": "project"
   },
   {
    "id": "toi-3491-01-spec",
    "kind": "campaign",
    "access": "public",
    "download": true,
    "origin": "project"
   },
   {
    "id": "toi-3491-01-report",
    "kind": "document",
    "access": "public",
    "download": true,
    "origin": "project"
   },
   {
    "id": "toi-3491-01-search-log",
    "kind": "document",
    "access": "public",
    "download": true,
    "origin": "project"
   },
   {
    "id": "toi-3501-01-spec",
    "kind": "campaign",
    "access": "public",
    "download": true,
    "origin": "project"
   },
   {
    "id": "toi-3501-01-report",
    "kind": "document",
    "access": "public",
    "download": true,
    "origin": "project"
   },
   {
    "id": "toi-3501-01-search-log",
    "kind": "document",
    "access": "public",
    "download": true,
    "origin": "project"
   },
   {
    "id": "toi-352-01-spec",
    "kind": "campaign",
    "access": "public",
    "download": true,
    "origin": "project"
   },
   {
    "id": "toi-352-01-report",
    "kind": "document",
    "access": "public",
    "download": true,
    "origin": "project"
   },
   {
    "id": "toi-352-01-search-log",
    "kind": "document",
    "access": "public",
    "download": true,
    "origin": "project"
   },
   {
    "id": "toi-3531-01-spec",
    "kind": "campaign",
    "access": "public",
    "download": true,
    "origin": "project"
   },
   {
    "id": "toi-3531-01-report",
    "kind": "document",
    "access": "public",
    "download": true,
    "origin": "project"
   },
   {
    "id": "toi-3531-01-search-log",
    "kind": "document",
    "access": "public",
    "download": true,
    "origin": "project"
   },
   {
    "id": "toi-3586-01-spec",
    "kind": "campaign",
    "access": "public",
    "download": true,
    "origin": "project"
   },
   {
    "id": "toi-3586-01-report",
    "kind": "document",
    "access": "public",
    "download": true,
    "origin": "project"
   },
   {
    "id": "toi-3586-01-search-log",
    "kind": "document",
    "access": "public",
    "download": true,
    "origin": "project"
   },
   {
    "id": "toi-3716-01-spec",
    "kind": "campaign",
    "access": "public",
    "download": true,
    "origin": "project"
   },
   {
    "id": "toi-3716-01-report",
    "kind": "document",
    "access": "public",
    "download": true,
    "origin": "project"
   },
   {
    "id": "toi-3716-01-search-log",
    "kind": "document",
    "access": "public",
    "download": true,
    "origin": "project"
   },
   {
    "id": "toi-3972-01-spec",
    "kind": "campaign",
    "access": "public",
    "download": true,
    "origin": "project"
   },
   {
    "id": "toi-3972-01-report",
    "kind": "document",
    "access": "public",
    "download": true,
    "origin": "project"
   },
   {
    "id": "toi-3972-01-search-log",
    "kind": "document",
    "access": "public",
    "download": true,
    "origin": "project"
   },
   {
    "id": "toi-4381-01-spec",
    "kind": "campaign",
    "access": "public",
    "download": true,
    "origin": "project"
   },
   {
    "id": "toi-4381-01-report",
    "kind": "document",
    "access": "public",
    "download": true,
    "origin": "project"
   },
   {
    "id": "toi-4381-01-search-log",
    "kind": "document",
    "access": "public",
    "download": true,
    "origin": "project"
   },
   {
    "id": "toi-4398-01-spec",
    "kind": "campaign",
    "access": "public",
    "download": true,
    "origin": "project"
   },
   {
    "id": "toi-4398-01-report",
    "kind": "document",
    "access": "public",
    "download": true,
    "origin": "project"
   },
   {
    "id": "toi-4398-01-search-log",
    "kind": "document",
    "access": "public",
    "download": true,
    "origin": "project"
   },
   {
    "id": "toi-4422-01-spec",
    "kind": "campaign",
    "access": "public",
    "download": true,
    "origin": "project"
   },
   {
    "id": "toi-4422-01-report",
    "kind": "document",
    "access": "public",
    "download": true,
    "origin": "project"
   },
   {
    "id": "toi-4422-01-search-log",
    "kind": "document",
    "access": "public",
    "download": true,
    "origin": "project"
   },
   {
    "id": "toi-4427-01-spec",
    "kind": "campaign",
    "access": "public",
    "download": true,
    "origin": "project"
   },
   {
    "id": "toi-4427-01-report",
    "kind": "document",
    "access": "public",
    "download": true,
    "origin": "project"
   },
   {
    "id": "toi-4427-01-search-log",
    "kind": "document",
    "access": "public",
    "download": true,
    "origin": "project"
   },
   {
    "id": "toi-447-01-spec",
    "kind": "campaign",
    "access": "public",
    "download": true,
    "origin": "project"
   },
   {
    "id": "toi-447-01-report",
    "kind": "document",
    "access": "public",
    "download": true,
    "origin": "project"
   },
   {
    "id": "toi-447-01-search-log",
    "kind": "document",
    "access": "public",
    "download": true,
    "origin": "project"
   },
   {
    "id": "toi-4494-01-spec",
    "kind": "campaign",
    "access": "public",
    "download": true,
    "origin": "project"
   },
   {
    "id": "toi-4494-01-report",
    "kind": "document",
    "access": "public",
    "download": true,
    "origin": "project"
   },
   {
    "id": "toi-4494-01-search-log",
    "kind": "document",
    "access": "public",
    "download": true,
    "origin": "project"
   },
   {
    "id": "toi-450-01-spec",
    "kind": "campaign",
    "access": "public",
    "download": true,
    "origin": "project"
   },
   {
    "id": "toi-450-01-report",
    "kind": "document",
    "access": "public",
    "download": true,
    "origin": "project"
   },
   {
    "id": "toi-450-01-search-log",
    "kind": "document",
    "access": "public",
    "download": true,
    "origin": "project"
   },
   {
    "id": "toi-4543-01-spec",
    "kind": "campaign",
    "access": "public",
    "download": true,
    "origin": "project"
   },
   {
    "id": "toi-4543-01-report",
    "kind": "document",
    "access": "public",
    "download": true,
    "origin": "project"
   },
   {
    "id": "toi-4543-01-search-log",
    "kind": "document",
    "access": "public",
    "download": true,
    "origin": "project"
   },
   {
    "id": "toi-4597-01-spec",
    "kind": "campaign",
    "access": "public",
    "download": true,
    "origin": "project"
   },
   {
    "id": "toi-4597-01-report",
    "kind": "document",
    "access": "public",
    "download": true,
    "origin": "project"
   },
   {
    "id": "toi-4597-01-search-log",
    "kind": "document",
    "access": "public",
    "download": true,
    "origin": "project"
   },
   {
    "id": "toi-5149-01-spec",
    "kind": "campaign",
    "access": "public",
    "download": true,
    "origin": "project"
   },
   {
    "id": "toi-5149-01-report",
    "kind": "document",
    "access": "public",
    "download": true,
    "origin": "project"
   },
   {
    "id": "toi-5149-01-search-log",
    "kind": "document",
    "access": "public",
    "download": true,
    "origin": "project"
   },
   {
    "id": "toi-527-01-spec",
    "kind": "campaign",
    "access": "public",
    "download": true,
    "origin": "project"
   },
   {
    "id": "toi-527-01-report",
    "kind": "document",
    "access": "public",
    "download": true,
    "origin": "project"
   },
   {
    "id": "toi-527-01-search-log",
    "kind": "document",
    "access": "public",
    "download": true,
    "origin": "project"
   },
   {
    "id": "toi-5379-01-spec",
    "kind": "campaign",
    "access": "public",
    "download": true,
    "origin": "project"
   },
   {
    "id": "toi-5379-01-report",
    "kind": "document",
    "access": "public",
    "download": true,
    "origin": "project"
   },
   {
    "id": "toi-5379-01-search-log",
    "kind": "document",
    "access": "public",
    "download": true,
    "origin": "project"
   },
   {
    "id": "toi-5394-01-spec",
    "kind": "campaign",
    "access": "public",
    "download": true,
    "origin": "project"
   },
   {
    "id": "toi-5394-01-report",
    "kind": "document",
    "access": "public",
    "download": true,
    "origin": "project"
   },
   {
    "id": "toi-5394-01-search-log",
    "kind": "document",
    "access": "public",
    "download": true,
    "origin": "project"
   },
   {
    "id": "toi-5575-01-spec",
    "kind": "campaign",
    "access": "public",
    "download": true,
    "origin": "project"
   },
   {
    "id": "toi-5575-01-report",
    "kind": "document",
    "access": "public",
    "download": true,
    "origin": "project"
   },
   {
    "id": "toi-5575-01-search-log",
    "kind": "document",
    "access": "public",
    "download": true,
    "origin": "project"
   },
   {
    "id": "toi-5670-01-spec",
    "kind": "campaign",
    "access": "public",
    "download": true,
    "origin": "project"
   },
   {
    "id": "toi-5670-01-report",
    "kind": "document",
    "access": "public",
    "download": true,
    "origin": "project"
   },
   {
    "id": "toi-5670-01-search-log",
    "kind": "document",
    "access": "public",
    "download": true,
    "origin": "project"
   },
   {
    "id": "toi-573-01-spec",
    "kind": "campaign",
    "access": "public",
    "download": true,
    "origin": "project"
   },
   {
    "id": "toi-573-01-report",
    "kind": "document",
    "access": "public",
    "download": true,
    "origin": "project"
   },
   {
    "id": "toi-573-01-search-log",
    "kind": "document",
    "access": "public",
    "download": true,
    "origin": "project"
   },
   {
    "id": "toi-585-01-spec",
    "kind": "campaign",
    "access": "public",
    "download": true,
    "origin": "project"
   },
   {
    "id": "toi-585-01-report",
    "kind": "document",
    "access": "public",
    "download": true,
    "origin": "project"
   },
   {
    "id": "toi-585-01-search-log",
    "kind": "document",
    "access": "public",
    "download": true,
    "origin": "project"
   },
   {
    "id": "toi-5861-01-spec",
    "kind": "campaign",
    "access": "public",
    "download": true,
    "origin": "project"
   },
   {
    "id": "toi-5861-01-report",
    "kind": "document",
    "access": "public",
    "download": true,
    "origin": "project"
   },
   {
    "id": "toi-5861-01-search-log",
    "kind": "document",
    "access": "public",
    "download": true,
    "origin": "project"
   },
   {
    "id": "toi-588-01-spec",
    "kind": "campaign",
    "access": "public",
    "download": true,
    "origin": "project"
   },
   {
    "id": "toi-588-01-report",
    "kind": "document",
    "access": "public",
    "download": true,
    "origin": "project"
   },
   {
    "id": "toi-588-01-search-log",
    "kind": "document",
    "access": "public",
    "download": true,
    "origin": "project"
   },
   {
    "id": "toi-6022-01-spec",
    "kind": "campaign",
    "access": "public",
    "download": true,
    "origin": "project"
   },
   {
    "id": "toi-6022-01-report",
    "kind": "document",
    "access": "public",
    "download": true,
    "origin": "project"
   },
   {
    "id": "toi-6022-01-search-log",
    "kind": "document",
    "access": "public",
    "download": true,
    "origin": "project"
   },
   {
    "id": "toi-6036-01-spec",
    "kind": "campaign",
    "access": "public",
    "download": true,
    "origin": "project"
   },
   {
    "id": "toi-6036-01-report",
    "kind": "document",
    "access": "public",
    "download": true,
    "origin": "project"
   },
   {
    "id": "toi-6036-01-search-log",
    "kind": "document",
    "access": "public",
    "download": true,
    "origin": "project"
   },
   {
    "id": "toi-6106-01-spec",
    "kind": "campaign",
    "access": "public",
    "download": true,
    "origin": "project"
   },
   {
    "id": "toi-6106-01-report",
    "kind": "document",
    "access": "public",
    "download": true,
    "origin": "project"
   },
   {
    "id": "toi-6106-01-search-log",
    "kind": "document",
    "access": "public",
    "download": true,
    "origin": "project"
   },
   {
    "id": "toi-6137-01-spec",
    "kind": "campaign",
    "access": "public",
    "download": true,
    "origin": "project"
   },
   {
    "id": "toi-6137-01-report",
    "kind": "document",
    "access": "public",
    "download": true,
    "origin": "project"
   },
   {
    "id": "toi-6137-01-search-log",
    "kind": "document",
    "access": "public",
    "download": true,
    "origin": "project"
   },
   {
    "id": "toi-621-01-spec",
    "kind": "campaign",
    "access": "public",
    "download": true,
    "origin": "project"
   },
   {
    "id": "toi-621-01-report",
    "kind": "document",
    "access": "public",
    "download": true,
    "origin": "project"
   },
   {
    "id": "toi-621-01-search-log",
    "kind": "document",
    "access": "public",
    "download": true,
    "origin": "project"
   },
   {
    "id": "toi-630-01-spec",
    "kind": "campaign",
    "access": "public",
    "download": true,
    "origin": "project"
   },
   {
    "id": "toi-630-01-report",
    "kind": "document",
    "access": "public",
    "download": true,
    "origin": "project"
   },
   {
    "id": "toi-630-01-search-log",
    "kind": "document",
    "access": "public",
    "download": true,
    "origin": "project"
   },
   {
    "id": "toi-6564-01-spec",
    "kind": "campaign",
    "access": "public",
    "download": true,
    "origin": "project"
   },
   {
    "id": "toi-6564-01-report",
    "kind": "document",
    "access": "public",
    "download": true,
    "origin": "project"
   },
   {
    "id": "toi-6564-01-search-log",
    "kind": "document",
    "access": "public",
    "download": true,
    "origin": "project"
   },
   {
    "id": "toi-6568-01-spec",
    "kind": "campaign",
    "access": "public",
    "download": true,
    "origin": "project"
   },
   {
    "id": "toi-6568-01-report",
    "kind": "document",
    "access": "public",
    "download": true,
    "origin": "project"
   },
   {
    "id": "toi-6568-01-search-log",
    "kind": "document",
    "access": "public",
    "download": true,
    "origin": "project"
   },
   {
    "id": "toi-6650-01-spec",
    "kind": "campaign",
    "access": "public",
    "download": true,
    "origin": "project"
   },
   {
    "id": "toi-6650-01-report",
    "kind": "document",
    "access": "public",
    "download": true,
    "origin": "project"
   },
   {
    "id": "toi-6650-01-search-log",
    "kind": "document",
    "access": "public",
    "download": true,
    "origin": "project"
   },
   {
    "id": "toi-668-01-spec",
    "kind": "campaign",
    "access": "public",
    "download": true,
    "origin": "project"
   },
   {
    "id": "toi-668-01-report",
    "kind": "document",
    "access": "public",
    "download": true,
    "origin": "project"
   },
   {
    "id": "toi-668-01-search-log",
    "kind": "document",
    "access": "public",
    "download": true,
    "origin": "project"
   },
   {
    "id": "toi-671-01-spec",
    "kind": "campaign",
    "access": "public",
    "download": true,
    "origin": "project"
   },
   {
    "id": "toi-671-01-report",
    "kind": "document",
    "access": "public",
    "download": true,
    "origin": "project"
   },
   {
    "id": "toi-671-01-search-log",
    "kind": "document",
    "access": "public",
    "download": true,
    "origin": "project"
   },
   {
    "id": "toi-6798-01-spec",
    "kind": "campaign",
    "access": "public",
    "download": true,
    "origin": "project"
   },
   {
    "id": "toi-6798-01-report",
    "kind": "document",
    "access": "public",
    "download": true,
    "origin": "project"
   },
   {
    "id": "toi-6798-01-search-log",
    "kind": "document",
    "access": "public",
    "download": true,
    "origin": "project"
   },
   {
    "id": "toi-6806-01-spec",
    "kind": "campaign",
    "access": "public",
    "download": true,
    "origin": "project"
   },
   {
    "id": "toi-6806-01-report",
    "kind": "document",
    "access": "public",
    "download": true,
    "origin": "project"
   },
   {
    "id": "toi-6806-01-search-log",
    "kind": "document",
    "access": "public",
    "download": true,
    "origin": "project"
   },
   {
    "id": "toi-6815-01-spec",
    "kind": "campaign",
    "access": "public",
    "download": true,
    "origin": "project"
   },
   {
    "id": "toi-6815-01-report",
    "kind": "document",
    "access": "public",
    "download": true,
    "origin": "project"
   },
   {
    "id": "toi-6815-01-search-log",
    "kind": "document",
    "access": "public",
    "download": true,
    "origin": "project"
   },
   {
    "id": "toi-7018-01-spec",
    "kind": "campaign",
    "access": "public",
    "download": true,
    "origin": "project"
   },
   {
    "id": "toi-7018-01-report",
    "kind": "document",
    "access": "public",
    "download": true,
    "origin": "project"
   },
   {
    "id": "toi-7018-01-search-log",
    "kind": "document",
    "access": "public",
    "download": true,
    "origin": "project"
   },
   {
    "id": "toi-706-01-spec",
    "kind": "campaign",
    "access": "public",
    "download": true,
    "origin": "project"
   },
   {
    "id": "toi-706-01-report",
    "kind": "document",
    "access": "public",
    "download": true,
    "origin": "project"
   },
   {
    "id": "toi-706-01-search-log",
    "kind": "document",
    "access": "public",
    "download": true,
    "origin": "project"
   },
   {
    "id": "toi-7388-01-spec",
    "kind": "campaign",
    "access": "public",
    "download": true,
    "origin": "project"
   },
   {
    "id": "toi-7388-01-report",
    "kind": "document",
    "access": "public",
    "download": true,
    "origin": "project"
   },
   {
    "id": "toi-7388-01-search-log",
    "kind": "document",
    "access": "public",
    "download": true,
    "origin": "project"
   },
   {
    "id": "toi-7420-01-spec",
    "kind": "campaign",
    "access": "public",
    "download": true,
    "origin": "project"
   },
   {
    "id": "toi-7420-01-report",
    "kind": "document",
    "access": "public",
    "download": true,
    "origin": "project"
   },
   {
    "id": "toi-7420-01-search-log",
    "kind": "document",
    "access": "public",
    "download": true,
    "origin": "project"
   },
   {
    "id": "toi-7464-01-spec",
    "kind": "campaign",
    "access": "public",
    "download": true,
    "origin": "project"
   },
   {
    "id": "toi-7464-01-report",
    "kind": "document",
    "access": "public",
    "download": true,
    "origin": "project"
   },
   {
    "id": "toi-7464-01-search-log",
    "kind": "document",
    "access": "public",
    "download": true,
    "origin": "project"
   },
   {
    "id": "toi-760-01-spec",
    "kind": "campaign",
    "access": "public",
    "download": true,
    "origin": "project"
   },
   {
    "id": "toi-760-01-report",
    "kind": "document",
    "access": "public",
    "download": true,
    "origin": "project"
   },
   {
    "id": "toi-760-01-search-log",
    "kind": "document",
    "access": "public",
    "download": true,
    "origin": "project"
   },
   {
    "id": "toi-7610-01-spec",
    "kind": "campaign",
    "access": "public",
    "download": true,
    "origin": "project"
   },
   {
    "id": "toi-7610-01-report",
    "kind": "document",
    "access": "public",
    "download": true,
    "origin": "project"
   },
   {
    "id": "toi-7610-01-search-log",
    "kind": "document",
    "access": "public",
    "download": true,
    "origin": "project"
   },
   {
    "id": "toi-764-01-spec",
    "kind": "campaign",
    "access": "public",
    "download": true,
    "origin": "project"
   },
   {
    "id": "toi-764-01-report",
    "kind": "document",
    "access": "public",
    "download": true,
    "origin": "project"
   },
   {
    "id": "toi-764-01-search-log",
    "kind": "document",
    "access": "public",
    "download": true,
    "origin": "project"
   },
   {
    "id": "toi-768-01-spec",
    "kind": "campaign",
    "access": "public",
    "download": true,
    "origin": "project"
   },
   {
    "id": "toi-768-01-report",
    "kind": "document",
    "access": "public",
    "download": true,
    "origin": "project"
   },
   {
    "id": "toi-768-01-search-log",
    "kind": "document",
    "access": "public",
    "download": true,
    "origin": "project"
   },
   {
    "id": "toi-7714-01-spec",
    "kind": "campaign",
    "access": "public",
    "download": true,
    "origin": "project"
   },
   {
    "id": "toi-7714-01-report",
    "kind": "document",
    "access": "public",
    "download": true,
    "origin": "project"
   },
   {
    "id": "toi-7714-01-search-log",
    "kind": "document",
    "access": "public",
    "download": true,
    "origin": "project"
   },
   {
    "id": "toi-7780-01-spec",
    "kind": "campaign",
    "access": "public",
    "download": true,
    "origin": "project"
   },
   {
    "id": "toi-7780-01-report",
    "kind": "document",
    "access": "public",
    "download": true,
    "origin": "project"
   },
   {
    "id": "toi-7780-01-search-log",
    "kind": "document",
    "access": "public",
    "download": true,
    "origin": "project"
   },
   {
    "id": "toi-7814-01-spec",
    "kind": "campaign",
    "access": "public",
    "download": true,
    "origin": "project"
   },
   {
    "id": "toi-7814-01-report",
    "kind": "document",
    "access": "public",
    "download": true,
    "origin": "project"
   },
   {
    "id": "toi-7814-01-search-log",
    "kind": "document",
    "access": "public",
    "download": true,
    "origin": "project"
   },
   {
    "id": "toi-830-01-spec",
    "kind": "campaign",
    "access": "public",
    "download": true,
    "origin": "project"
   },
   {
    "id": "toi-830-01-report",
    "kind": "document",
    "access": "public",
    "download": true,
    "origin": "project"
   },
   {
    "id": "toi-830-01-search-log",
    "kind": "document",
    "access": "public",
    "download": true,
    "origin": "project"
   },
   {
    "id": "toi-850-01-spec",
    "kind": "campaign",
    "access": "public",
    "download": true,
    "origin": "project"
   },
   {
    "id": "toi-850-01-report",
    "kind": "document",
    "access": "public",
    "download": true,
    "origin": "project"
   },
   {
    "id": "toi-850-01-search-log",
    "kind": "document",
    "access": "public",
    "download": true,
    "origin": "project"
   },
   {
    "id": "toi-890-01-spec",
    "kind": "campaign",
    "access": "public",
    "download": true,
    "origin": "project"
   },
   {
    "id": "toi-890-01-report",
    "kind": "document",
    "access": "public",
    "download": true,
    "origin": "project"
   },
   {
    "id": "toi-890-01-search-log",
    "kind": "document",
    "access": "public",
    "download": true,
    "origin": "project"
   },
   {
    "id": "toi-911-01-spec",
    "kind": "campaign",
    "access": "public",
    "download": true,
    "origin": "project"
   },
   {
    "id": "toi-911-01-report",
    "kind": "document",
    "access": "public",
    "download": true,
    "origin": "project"
   },
   {
    "id": "toi-911-01-search-log",
    "kind": "document",
    "access": "public",
    "download": true,
    "origin": "project"
   }
  ]
 },
 {
  "id": "tess-single-transit-01",
  "status": "published",
  "type": "campaign",
  "items": [
   {
    "id": "toi-125-04-spec",
    "kind": "campaign",
    "access": "public",
    "download": true,
    "origin": "project"
   },
   {
    "id": "toi-125-04-report",
    "kind": "document",
    "access": "public",
    "download": true,
    "origin": "project"
   },
   {
    "id": "toi-125-04-search-log",
    "kind": "document",
    "access": "public",
    "download": true,
    "origin": "project"
   },
   {
    "id": "toi-1301-02-spec",
    "kind": "campaign",
    "access": "public",
    "download": true,
    "origin": "project"
   },
   {
    "id": "toi-1301-02-report",
    "kind": "document",
    "access": "public",
    "download": true,
    "origin": "project"
   },
   {
    "id": "toi-1301-02-search-log",
    "kind": "document",
    "access": "public",
    "download": true,
    "origin": "project"
   },
   {
    "id": "toi-1772-02-spec",
    "kind": "campaign",
    "access": "public",
    "download": true,
    "origin": "project"
   },
   {
    "id": "toi-1772-02-report",
    "kind": "document",
    "access": "public",
    "download": true,
    "origin": "project"
   },
   {
    "id": "toi-1772-02-search-log",
    "kind": "document",
    "access": "public",
    "download": true,
    "origin": "project"
   },
   {
    "id": "toi-1812-01-spec",
    "kind": "campaign",
    "access": "public",
    "download": true,
    "origin": "project"
   },
   {
    "id": "toi-1812-01-report",
    "kind": "document",
    "access": "public",
    "download": true,
    "origin": "project"
   },
   {
    "id": "toi-1812-01-search-log",
    "kind": "document",
    "access": "public",
    "download": true,
    "origin": "project"
   },
   {
    "id": "toi-1835-02-spec",
    "kind": "campaign",
    "access": "public",
    "download": true,
    "origin": "project"
   },
   {
    "id": "toi-1835-02-report",
    "kind": "document",
    "access": "public",
    "download": true,
    "origin": "project"
   },
   {
    "id": "toi-1835-02-search-log",
    "kind": "document",
    "access": "public",
    "download": true,
    "origin": "project"
   },
   {
    "id": "toi-1893-01-spec",
    "kind": "campaign",
    "access": "public",
    "download": true,
    "origin": "project"
   },
   {
    "id": "toi-1893-01-report",
    "kind": "document",
    "access": "public",
    "download": true,
    "origin": "project"
   },
   {
    "id": "toi-1893-01-search-log",
    "kind": "document",
    "access": "public",
    "download": true,
    "origin": "project"
   },
   {
    "id": "toi-1896-01-spec",
    "kind": "campaign",
    "access": "public",
    "download": true,
    "origin": "project"
   },
   {
    "id": "toi-1896-01-report",
    "kind": "document",
    "access": "public",
    "download": true,
    "origin": "project"
   },
   {
    "id": "toi-1896-01-search-log",
    "kind": "document",
    "access": "public",
    "download": true,
    "origin": "project"
   },
   {
    "id": "toi-2003-01-spec",
    "kind": "campaign",
    "access": "public",
    "download": true,
    "origin": "project"
   },
   {
    "id": "toi-2003-01-report",
    "kind": "document",
    "access": "public",
    "download": true,
    "origin": "project"
   },
   {
    "id": "toi-2003-01-search-log",
    "kind": "document",
    "access": "public",
    "download": true,
    "origin": "project"
   },
   {
    "id": "toi-2007-01-spec",
    "kind": "campaign",
    "access": "public",
    "download": true,
    "origin": "project"
   },
   {
    "id": "toi-2007-01-report",
    "kind": "document",
    "access": "public",
    "download": true,
    "origin": "project"
   },
   {
    "id": "toi-2007-01-search-log",
    "kind": "document",
    "access": "public",
    "download": true,
    "origin": "project"
   },
   {
    "id": "toi-2065-01-spec",
    "kind": "campaign",
    "access": "public",
    "download": true,
    "origin": "project"
   },
   {
    "id": "toi-2065-01-report",
    "kind": "document",
    "access": "public",
    "download": true,
    "origin": "project"
   },
   {
    "id": "toi-2065-01-search-log",
    "kind": "document",
    "access": "public",
    "download": true,
    "origin": "project"
   },
   {
    "id": "toi-2085-01-spec",
    "kind": "campaign",
    "access": "public",
    "download": true,
    "origin": "project"
   },
   {
    "id": "toi-2085-01-report",
    "kind": "document",
    "access": "public",
    "download": true,
    "origin": "project"
   },
   {
    "id": "toi-2085-01-search-log",
    "kind": "document",
    "access": "public",
    "download": true,
    "origin": "project"
   },
   {
    "id": "toi-2087-01-spec",
    "kind": "campaign",
    "access": "public",
    "download": true,
    "origin": "project"
   },
   {
    "id": "toi-2087-01-report",
    "kind": "document",
    "access": "public",
    "download": true,
    "origin": "project"
   },
   {
    "id": "toi-2087-01-search-log",
    "kind": "document",
    "access": "public",
    "download": true,
    "origin": "project"
   },
   {
    "id": "toi-2098-01-spec",
    "kind": "campaign",
    "access": "public",
    "download": true,
    "origin": "project"
   },
   {
    "id": "toi-2098-01-report",
    "kind": "document",
    "access": "public",
    "download": true,
    "origin": "project"
   },
   {
    "id": "toi-2098-01-search-log",
    "kind": "document",
    "access": "public",
    "download": true,
    "origin": "project"
   },
   {
    "id": "toi-2102-02-spec",
    "kind": "campaign",
    "access": "public",
    "download": true,
    "origin": "project"
   },
   {
    "id": "toi-2102-02-report",
    "kind": "document",
    "access": "public",
    "download": true,
    "origin": "project"
   },
   {
    "id": "toi-2102-02-search-log",
    "kind": "document",
    "access": "public",
    "download": true,
    "origin": "project"
   },
   {
    "id": "toi-225-01-spec",
    "kind": "campaign",
    "access": "public",
    "download": true,
    "origin": "project"
   },
   {
    "id": "toi-225-01-report",
    "kind": "document",
    "access": "public",
    "download": true,
    "origin": "project"
   },
   {
    "id": "toi-225-01-search-log",
    "kind": "document",
    "access": "public",
    "download": true,
    "origin": "project"
   },
   {
    "id": "toi-2263-01-spec",
    "kind": "campaign",
    "access": "public",
    "download": true,
    "origin": "project"
   },
   {
    "id": "toi-2263-01-report",
    "kind": "document",
    "access": "public",
    "download": true,
    "origin": "project"
   },
   {
    "id": "toi-2263-01-search-log",
    "kind": "document",
    "access": "public",
    "download": true,
    "origin": "project"
   },
   {
    "id": "toi-2270-01-spec",
    "kind": "campaign",
    "access": "public",
    "download": true,
    "origin": "project"
   },
   {
    "id": "toi-2270-01-report",
    "kind": "document",
    "access": "public",
    "download": true,
    "origin": "project"
   },
   {
    "id": "toi-2270-01-search-log",
    "kind": "document",
    "access": "public",
    "download": true,
    "origin": "project"
   },
   {
    "id": "toi-2277-01-spec",
    "kind": "campaign",
    "access": "public",
    "download": true,
    "origin": "project"
   },
   {
    "id": "toi-2277-01-report",
    "kind": "document",
    "access": "public",
    "download": true,
    "origin": "project"
   },
   {
    "id": "toi-2277-01-search-log",
    "kind": "document",
    "access": "public",
    "download": true,
    "origin": "project"
   },
   {
    "id": "toi-2298-01-spec",
    "kind": "campaign",
    "access": "public",
    "download": true,
    "origin": "project"
   },
   {
    "id": "toi-2298-01-report",
    "kind": "document",
    "access": "public",
    "download": true,
    "origin": "project"
   },
   {
    "id": "toi-2298-01-search-log",
    "kind": "document",
    "access": "public",
    "download": true,
    "origin": "project"
   },
   {
    "id": "toi-2300-03-spec",
    "kind": "campaign",
    "access": "public",
    "download": true,
    "origin": "project"
   },
   {
    "id": "toi-2300-03-report",
    "kind": "document",
    "access": "public",
    "download": true,
    "origin": "project"
   },
   {
    "id": "toi-2300-03-search-log",
    "kind": "document",
    "access": "public",
    "download": true,
    "origin": "project"
   },
   {
    "id": "toi-2318-01-spec",
    "kind": "campaign",
    "access": "public",
    "download": true,
    "origin": "project"
   },
   {
    "id": "toi-2318-01-report",
    "kind": "document",
    "access": "public",
    "download": true,
    "origin": "project"
   },
   {
    "id": "toi-2318-01-search-log",
    "kind": "document",
    "access": "public",
    "download": true,
    "origin": "project"
   },
   {
    "id": "toi-2423-01-spec",
    "kind": "campaign",
    "access": "public",
    "download": true,
    "origin": "project"
   },
   {
    "id": "toi-2423-01-report",
    "kind": "document",
    "access": "public",
    "download": true,
    "origin": "project"
   },
   {
    "id": "toi-2423-01-search-log",
    "kind": "document",
    "access": "public",
    "download": true,
    "origin": "project"
   },
   {
    "id": "toi-2433-01-spec",
    "kind": "campaign",
    "access": "public",
    "download": true,
    "origin": "project"
   },
   {
    "id": "toi-2433-01-report",
    "kind": "document",
    "access": "public",
    "download": true,
    "origin": "project"
   },
   {
    "id": "toi-2433-01-search-log",
    "kind": "document",
    "access": "public",
    "download": true,
    "origin": "project"
   },
   {
    "id": "toi-2435-01-spec",
    "kind": "campaign",
    "access": "public",
    "download": true,
    "origin": "project"
   },
   {
    "id": "toi-2435-01-report",
    "kind": "document",
    "access": "public",
    "download": true,
    "origin": "project"
   },
   {
    "id": "toi-2435-01-search-log",
    "kind": "document",
    "access": "public",
    "download": true,
    "origin": "project"
   },
   {
    "id": "toi-2436-01-spec",
    "kind": "campaign",
    "access": "public",
    "download": true,
    "origin": "project"
   },
   {
    "id": "toi-2436-01-report",
    "kind": "document",
    "access": "public",
    "download": true,
    "origin": "project"
   },
   {
    "id": "toi-2436-01-search-log",
    "kind": "document",
    "access": "public",
    "download": true,
    "origin": "project"
   },
   {
    "id": "toi-2456-01-spec",
    "kind": "campaign",
    "access": "public",
    "download": true,
    "origin": "project"
   },
   {
    "id": "toi-2456-01-report",
    "kind": "document",
    "access": "public",
    "download": true,
    "origin": "project"
   },
   {
    "id": "toi-2456-01-search-log",
    "kind": "document",
    "access": "public",
    "download": true,
    "origin": "project"
   },
   {
    "id": "toi-2472-01-spec",
    "kind": "campaign",
    "access": "public",
    "download": true,
    "origin": "project"
   },
   {
    "id": "toi-2472-01-report",
    "kind": "document",
    "access": "public",
    "download": true,
    "origin": "project"
   },
   {
    "id": "toi-2472-01-search-log",
    "kind": "document",
    "access": "public",
    "download": true,
    "origin": "project"
   },
   {
    "id": "toi-2490-01-spec",
    "kind": "campaign",
    "access": "public",
    "download": true,
    "origin": "project"
   },
   {
    "id": "toi-2490-01-report",
    "kind": "document",
    "access": "public",
    "download": true,
    "origin": "project"
   },
   {
    "id": "toi-2490-01-search-log",
    "kind": "document",
    "access": "public",
    "download": true,
    "origin": "project"
   },
   {
    "id": "toi-2493-01-spec",
    "kind": "campaign",
    "access": "public",
    "download": true,
    "origin": "project"
   },
   {
    "id": "toi-2493-01-report",
    "kind": "document",
    "access": "public",
    "download": true,
    "origin": "project"
   },
   {
    "id": "toi-2493-01-search-log",
    "kind": "document",
    "access": "public",
    "download": true,
    "origin": "project"
   },
   {
    "id": "toi-2530-01-spec",
    "kind": "campaign",
    "access": "public",
    "download": true,
    "origin": "project"
   },
   {
    "id": "toi-2530-01-report",
    "kind": "document",
    "access": "public",
    "download": true,
    "origin": "project"
   },
   {
    "id": "toi-2530-01-search-log",
    "kind": "document",
    "access": "public",
    "download": true,
    "origin": "project"
   },
   {
    "id": "toi-2534-01-spec",
    "kind": "campaign",
    "access": "public",
    "download": true,
    "origin": "project"
   },
   {
    "id": "toi-2534-01-report",
    "kind": "document",
    "access": "public",
    "download": true,
    "origin": "project"
   },
   {
    "id": "toi-2534-01-search-log",
    "kind": "document",
    "access": "public",
    "download": true,
    "origin": "project"
   },
   {
    "id": "toi-2634-01-spec",
    "kind": "campaign",
    "access": "public",
    "download": true,
    "origin": "project"
   },
   {
    "id": "toi-2634-01-report",
    "kind": "document",
    "access": "public",
    "download": true,
    "origin": "project"
   },
   {
    "id": "toi-2634-01-search-log",
    "kind": "document",
    "access": "public",
    "download": true,
    "origin": "project"
   },
   {
    "id": "toi-2666-01-spec",
    "kind": "campaign",
    "access": "public",
    "download": true,
    "origin": "project"
   },
   {
    "id": "toi-2666-01-report",
    "kind": "document",
    "access": "public",
    "download": true,
    "origin": "project"
   },
   {
    "id": "toi-2666-01-search-log",
    "kind": "document",
    "access": "public",
    "download": true,
    "origin": "project"
   },
   {
    "id": "toi-2666-01-nss-spec",
    "kind": "campaign",
    "access": "public",
    "download": true,
    "origin": "project"
   },
   {
    "id": "toi-2666-01-nss-report",
    "kind": "document",
    "access": "public",
    "download": true,
    "origin": "project"
   },
   {
    "id": "toi-2666-01-nss-search-log",
    "kind": "document",
    "access": "public",
    "download": true,
    "origin": "project"
   },
   {
    "id": "toi-285-01-spec",
    "kind": "campaign",
    "access": "public",
    "download": true,
    "origin": "project"
   },
   {
    "id": "toi-285-01-report",
    "kind": "document",
    "access": "public",
    "download": true,
    "origin": "project"
   },
   {
    "id": "toi-285-01-search-log",
    "kind": "document",
    "access": "public",
    "download": true,
    "origin": "project"
   },
   {
    "id": "toi-289-01-spec",
    "kind": "campaign",
    "access": "public",
    "download": true,
    "origin": "project"
   },
   {
    "id": "toi-289-01-report",
    "kind": "document",
    "access": "public",
    "download": true,
    "origin": "project"
   },
   {
    "id": "toi-289-01-search-log",
    "kind": "document",
    "access": "public",
    "download": true,
    "origin": "project"
   },
   {
    "id": "toi-3500-02-spec",
    "kind": "campaign",
    "access": "public",
    "download": true,
    "origin": "project"
   },
   {
    "id": "toi-3500-02-report",
    "kind": "document",
    "access": "public",
    "download": true,
    "origin": "project"
   },
   {
    "id": "toi-3500-02-search-log",
    "kind": "document",
    "access": "public",
    "download": true,
    "origin": "project"
   },
   {
    "id": "toi-3724-01-spec",
    "kind": "campaign",
    "access": "public",
    "download": true,
    "origin": "project"
   },
   {
    "id": "toi-3724-01-report",
    "kind": "document",
    "access": "public",
    "download": true,
    "origin": "project"
   },
   {
    "id": "toi-3724-01-search-log",
    "kind": "document",
    "access": "public",
    "download": true,
    "origin": "project"
   },
   {
    "id": "toi-4187-02-spec",
    "kind": "campaign",
    "access": "public",
    "download": true,
    "origin": "project"
   },
   {
    "id": "toi-4187-02-report",
    "kind": "document",
    "access": "public",
    "download": true,
    "origin": "project"
   },
   {
    "id": "toi-4187-02-search-log",
    "kind": "document",
    "access": "public",
    "download": true,
    "origin": "project"
   },
   {
    "id": "toi-429-01-spec",
    "kind": "campaign",
    "access": "public",
    "download": true,
    "origin": "project"
   },
   {
    "id": "toi-429-01-report",
    "kind": "document",
    "access": "public",
    "download": true,
    "origin": "project"
   },
   {
    "id": "toi-429-01-search-log",
    "kind": "document",
    "access": "public",
    "download": true,
    "origin": "project"
   },
   {
    "id": "toi-4309-01-spec",
    "kind": "campaign",
    "access": "public",
    "download": true,
    "origin": "project"
   },
   {
    "id": "toi-4309-01-report",
    "kind": "document",
    "access": "public",
    "download": true,
    "origin": "project"
   },
   {
    "id": "toi-4309-01-search-log",
    "kind": "document",
    "access": "public",
    "download": true,
    "origin": "project"
   },
   {
    "id": "toi-4319-01-spec",
    "kind": "campaign",
    "access": "public",
    "download": true,
    "origin": "project"
   },
   {
    "id": "toi-4319-01-report",
    "kind": "document",
    "access": "public",
    "download": true,
    "origin": "project"
   },
   {
    "id": "toi-4319-01-search-log",
    "kind": "document",
    "access": "public",
    "download": true,
    "origin": "project"
   },
   {
    "id": "toi-4321-01-spec",
    "kind": "campaign",
    "access": "public",
    "download": true,
    "origin": "project"
   },
   {
    "id": "toi-4321-01-report",
    "kind": "document",
    "access": "public",
    "download": true,
    "origin": "project"
   },
   {
    "id": "toi-4321-01-search-log",
    "kind": "document",
    "access": "public",
    "download": true,
    "origin": "project"
   },
   {
    "id": "toi-4355-01-spec",
    "kind": "campaign",
    "access": "public",
    "download": true,
    "origin": "project"
   },
   {
    "id": "toi-4355-01-report",
    "kind": "document",
    "access": "public",
    "download": true,
    "origin": "project"
   },
   {
    "id": "toi-4355-01-search-log",
    "kind": "document",
    "access": "public",
    "download": true,
    "origin": "project"
   },
   {
    "id": "toi-4509-01-spec",
    "kind": "campaign",
    "access": "public",
    "download": true,
    "origin": "project"
   },
   {
    "id": "toi-4509-01-report",
    "kind": "document",
    "access": "public",
    "download": true,
    "origin": "project"
   },
   {
    "id": "toi-4509-01-search-log",
    "kind": "document",
    "access": "public",
    "download": true,
    "origin": "project"
   },
   {
    "id": "toi-4585-01-spec",
    "kind": "campaign",
    "access": "public",
    "download": true,
    "origin": "project"
   },
   {
    "id": "toi-4585-01-report",
    "kind": "document",
    "access": "public",
    "download": true,
    "origin": "project"
   },
   {
    "id": "toi-4585-01-search-log",
    "kind": "document",
    "access": "public",
    "download": true,
    "origin": "project"
   },
   {
    "id": "toi-5523-01-spec",
    "kind": "campaign",
    "access": "public",
    "download": true,
    "origin": "project"
   },
   {
    "id": "toi-5523-01-report",
    "kind": "document",
    "access": "public",
    "download": true,
    "origin": "project"
   },
   {
    "id": "toi-5523-01-search-log",
    "kind": "document",
    "access": "public",
    "download": true,
    "origin": "project"
   },
   {
    "id": "toi-5563-01-spec",
    "kind": "campaign",
    "access": "public",
    "download": true,
    "origin": "project"
   },
   {
    "id": "toi-5563-01-report",
    "kind": "document",
    "access": "public",
    "download": true,
    "origin": "project"
   },
   {
    "id": "toi-5563-01-search-log",
    "kind": "document",
    "access": "public",
    "download": true,
    "origin": "project"
   },
   {
    "id": "toi-5696-03-spec",
    "kind": "campaign",
    "access": "public",
    "download": true,
    "origin": "project"
   },
   {
    "id": "toi-5696-03-report",
    "kind": "document",
    "access": "public",
    "download": true,
    "origin": "project"
   },
   {
    "id": "toi-5696-03-search-log",
    "kind": "document",
    "access": "public",
    "download": true,
    "origin": "project"
   },
   {
    "id": "toi-5719-01-spec",
    "kind": "campaign",
    "access": "public",
    "download": true,
    "origin": "project"
   },
   {
    "id": "toi-5719-01-report",
    "kind": "document",
    "access": "public",
    "download": true,
    "origin": "project"
   },
   {
    "id": "toi-5719-01-search-log",
    "kind": "document",
    "access": "public",
    "download": true,
    "origin": "project"
   },
   {
    "id": "toi-5745-01-spec",
    "kind": "campaign",
    "access": "public",
    "download": true,
    "origin": "project"
   },
   {
    "id": "toi-5745-01-report",
    "kind": "document",
    "access": "public",
    "download": true,
    "origin": "project"
   },
   {
    "id": "toi-5745-01-search-log",
    "kind": "document",
    "access": "public",
    "download": true,
    "origin": "project"
   },
   {
    "id": "toi-5812-02-spec",
    "kind": "campaign",
    "access": "public",
    "download": true,
    "origin": "project"
   },
   {
    "id": "toi-5812-02-report",
    "kind": "document",
    "access": "public",
    "download": true,
    "origin": "project"
   },
   {
    "id": "toi-5812-02-search-log",
    "kind": "document",
    "access": "public",
    "download": true,
    "origin": "project"
   },
   {
    "id": "toi-5870-01-spec",
    "kind": "campaign",
    "access": "public",
    "download": true,
    "origin": "project"
   },
   {
    "id": "toi-5870-01-report",
    "kind": "document",
    "access": "public",
    "download": true,
    "origin": "project"
   },
   {
    "id": "toi-5870-01-search-log",
    "kind": "document",
    "access": "public",
    "download": true,
    "origin": "project"
   },
   {
    "id": "toi-5893-01-spec",
    "kind": "campaign",
    "access": "public",
    "download": true,
    "origin": "project"
   },
   {
    "id": "toi-5893-01-report",
    "kind": "document",
    "access": "public",
    "download": true,
    "origin": "project"
   },
   {
    "id": "toi-5893-01-search-log",
    "kind": "document",
    "access": "public",
    "download": true,
    "origin": "project"
   },
   {
    "id": "toi-6085-01-spec",
    "kind": "campaign",
    "access": "public",
    "download": true,
    "origin": "project"
   },
   {
    "id": "toi-6085-01-report",
    "kind": "document",
    "access": "public",
    "download": true,
    "origin": "project"
   },
   {
    "id": "toi-6085-01-search-log",
    "kind": "document",
    "access": "public",
    "download": true,
    "origin": "project"
   },
   {
    "id": "toi-6650-04-spec",
    "kind": "campaign",
    "access": "public",
    "download": true,
    "origin": "project"
   },
   {
    "id": "toi-6650-04-report",
    "kind": "document",
    "access": "public",
    "download": true,
    "origin": "project"
   },
   {
    "id": "toi-6650-04-search-log",
    "kind": "document",
    "access": "public",
    "download": true,
    "origin": "project"
   },
   {
    "id": "toi-6653-01-spec",
    "kind": "campaign",
    "access": "public",
    "download": true,
    "origin": "project"
   },
   {
    "id": "toi-6653-01-report",
    "kind": "document",
    "access": "public",
    "download": true,
    "origin": "project"
   },
   {
    "id": "toi-6653-01-search-log",
    "kind": "document",
    "access": "public",
    "download": true,
    "origin": "project"
   },
   {
    "id": "toi-6663-01-spec",
    "kind": "campaign",
    "access": "public",
    "download": true,
    "origin": "project"
   },
   {
    "id": "toi-6663-01-report",
    "kind": "document",
    "access": "public",
    "download": true,
    "origin": "project"
   },
   {
    "id": "toi-6663-01-search-log",
    "kind": "document",
    "access": "public",
    "download": true,
    "origin": "project"
   },
   {
    "id": "toi-6664-01-spec",
    "kind": "campaign",
    "access": "public",
    "download": true,
    "origin": "project"
   },
   {
    "id": "toi-6664-01-report",
    "kind": "document",
    "access": "public",
    "download": true,
    "origin": "project"
   },
   {
    "id": "toi-6664-01-search-log",
    "kind": "document",
    "access": "public",
    "download": true,
    "origin": "project"
   },
   {
    "id": "toi-6666-01-spec",
    "kind": "campaign",
    "access": "public",
    "download": true,
    "origin": "project"
   },
   {
    "id": "toi-6666-01-report",
    "kind": "document",
    "access": "public",
    "download": true,
    "origin": "project"
   },
   {
    "id": "toi-6666-01-search-log",
    "kind": "document",
    "access": "public",
    "download": true,
    "origin": "project"
   },
   {
    "id": "toi-6666-01-nss-spec",
    "kind": "campaign",
    "access": "public",
    "download": true,
    "origin": "project"
   },
   {
    "id": "toi-6666-01-nss-report",
    "kind": "document",
    "access": "public",
    "download": true,
    "origin": "project"
   },
   {
    "id": "toi-6666-01-nss-search-log",
    "kind": "document",
    "access": "public",
    "download": true,
    "origin": "project"
   },
   {
    "id": "toi-6667-01-spec",
    "kind": "campaign",
    "access": "public",
    "download": true,
    "origin": "project"
   },
   {
    "id": "toi-6667-01-report",
    "kind": "document",
    "access": "public",
    "download": true,
    "origin": "project"
   },
   {
    "id": "toi-6667-01-search-log",
    "kind": "document",
    "access": "public",
    "download": true,
    "origin": "project"
   },
   {
    "id": "toi-6670-01-spec",
    "kind": "campaign",
    "access": "public",
    "download": true,
    "origin": "project"
   },
   {
    "id": "toi-6670-01-report",
    "kind": "document",
    "access": "public",
    "download": true,
    "origin": "project"
   },
   {
    "id": "toi-6670-01-search-log",
    "kind": "document",
    "access": "public",
    "download": true,
    "origin": "project"
   },
   {
    "id": "toi-6671-01-spec",
    "kind": "campaign",
    "access": "public",
    "download": true,
    "origin": "project"
   },
   {
    "id": "toi-6671-01-report",
    "kind": "document",
    "access": "public",
    "download": true,
    "origin": "project"
   },
   {
    "id": "toi-6671-01-search-log",
    "kind": "document",
    "access": "public",
    "download": true,
    "origin": "project"
   },
   {
    "id": "toi-6672-01-spec",
    "kind": "campaign",
    "access": "public",
    "download": true,
    "origin": "project"
   },
   {
    "id": "toi-6672-01-report",
    "kind": "document",
    "access": "public",
    "download": true,
    "origin": "project"
   },
   {
    "id": "toi-6672-01-search-log",
    "kind": "document",
    "access": "public",
    "download": true,
    "origin": "project"
   },
   {
    "id": "toi-6674-01-spec",
    "kind": "campaign",
    "access": "public",
    "download": true,
    "origin": "project"
   },
   {
    "id": "toi-6674-01-report",
    "kind": "document",
    "access": "public",
    "download": true,
    "origin": "project"
   },
   {
    "id": "toi-6674-01-search-log",
    "kind": "document",
    "access": "public",
    "download": true,
    "origin": "project"
   },
   {
    "id": "toi-6675-01-spec",
    "kind": "campaign",
    "access": "public",
    "download": true,
    "origin": "project"
   },
   {
    "id": "toi-6675-01-report",
    "kind": "document",
    "access": "public",
    "download": true,
    "origin": "project"
   },
   {
    "id": "toi-6675-01-search-log",
    "kind": "document",
    "access": "public",
    "download": true,
    "origin": "project"
   },
   {
    "id": "toi-6691-01-spec",
    "kind": "campaign",
    "access": "public",
    "download": true,
    "origin": "project"
   },
   {
    "id": "toi-6691-01-report",
    "kind": "document",
    "access": "public",
    "download": true,
    "origin": "project"
   },
   {
    "id": "toi-6691-01-search-log",
    "kind": "document",
    "access": "public",
    "download": true,
    "origin": "project"
   },
   {
    "id": "toi-6692-01-spec",
    "kind": "campaign",
    "access": "public",
    "download": true,
    "origin": "project"
   },
   {
    "id": "toi-6692-01-report",
    "kind": "document",
    "access": "public",
    "download": true,
    "origin": "project"
   },
   {
    "id": "toi-6692-01-search-log",
    "kind": "document",
    "access": "public",
    "download": true,
    "origin": "project"
   },
   {
    "id": "toi-6695-01-spec",
    "kind": "campaign",
    "access": "public",
    "download": true,
    "origin": "project"
   },
   {
    "id": "toi-6695-01-report",
    "kind": "document",
    "access": "public",
    "download": true,
    "origin": "project"
   },
   {
    "id": "toi-6695-01-search-log",
    "kind": "document",
    "access": "public",
    "download": true,
    "origin": "project"
   },
   {
    "id": "toi-6698-01-spec",
    "kind": "campaign",
    "access": "public",
    "download": true,
    "origin": "project"
   },
   {
    "id": "toi-6698-01-report",
    "kind": "document",
    "access": "public",
    "download": true,
    "origin": "project"
   },
   {
    "id": "toi-6698-01-search-log",
    "kind": "document",
    "access": "public",
    "download": true,
    "origin": "project"
   },
   {
    "id": "toi-6890-01-spec",
    "kind": "campaign",
    "access": "public",
    "download": true,
    "origin": "project"
   },
   {
    "id": "toi-6890-01-report",
    "kind": "document",
    "access": "public",
    "download": true,
    "origin": "project"
   },
   {
    "id": "toi-6890-01-search-log",
    "kind": "document",
    "access": "public",
    "download": true,
    "origin": "project"
   },
   {
    "id": "toi-6893-01-spec",
    "kind": "campaign",
    "access": "public",
    "download": true,
    "origin": "project"
   },
   {
    "id": "toi-6893-01-report",
    "kind": "document",
    "access": "public",
    "download": true,
    "origin": "project"
   },
   {
    "id": "toi-6893-01-search-log",
    "kind": "document",
    "access": "public",
    "download": true,
    "origin": "project"
   },
   {
    "id": "toi-6980-01-spec",
    "kind": "campaign",
    "access": "public",
    "download": true,
    "origin": "project"
   },
   {
    "id": "toi-6980-01-report",
    "kind": "document",
    "access": "public",
    "download": true,
    "origin": "project"
   },
   {
    "id": "toi-6980-01-search-log",
    "kind": "document",
    "access": "public",
    "download": true,
    "origin": "project"
   },
   {
    "id": "toi-7399-01-spec",
    "kind": "campaign",
    "access": "public",
    "download": true,
    "origin": "project"
   },
   {
    "id": "toi-7399-01-report",
    "kind": "document",
    "access": "public",
    "download": true,
    "origin": "project"
   },
   {
    "id": "toi-7399-01-search-log",
    "kind": "document",
    "access": "public",
    "download": true,
    "origin": "project"
   },
   {
    "id": "toi-7857-01-spec",
    "kind": "campaign",
    "access": "public",
    "download": true,
    "origin": "project"
   },
   {
    "id": "toi-7857-01-report",
    "kind": "document",
    "access": "public",
    "download": true,
    "origin": "project"
   },
   {
    "id": "toi-7857-01-search-log",
    "kind": "document",
    "access": "public",
    "download": true,
    "origin": "project"
   },
   {
    "id": "toi-790-03-spec",
    "kind": "campaign",
    "access": "public",
    "download": true,
    "origin": "project"
   },
   {
    "id": "toi-790-03-report",
    "kind": "document",
    "access": "public",
    "download": true,
    "origin": "project"
   },
   {
    "id": "toi-790-03-search-log",
    "kind": "document",
    "access": "public",
    "download": true,
    "origin": "project"
   },
   {
    "id": "toi-941-02-spec",
    "kind": "campaign",
    "access": "public",
    "download": true,
    "origin": "project"
   },
   {
    "id": "toi-941-02-report",
    "kind": "document",
    "access": "public",
    "download": true,
    "origin": "project"
   },
   {
    "id": "toi-941-02-search-log",
    "kind": "document",
    "access": "public",
    "download": true,
    "origin": "project"
   }
  ]
 },
 {
  "id": "tess-wasp12-2026-09",
  "status": "published",
  "type": "campaign",
  "items": [
   {
    "id": "residual-spec",
    "kind": "campaign",
    "access": "public",
    "download": true,
    "origin": "project"
   },
   {
    "id": "residual-report",
    "kind": "document",
    "access": "public",
    "download": true,
    "origin": "project"
   },
   {
    "id": "residual-search-log",
    "kind": "document",
    "access": "public",
    "download": true,
    "origin": "project"
   },
   {
    "id": "residual-s20-screen",
    "kind": "file",
    "access": "public",
    "download": true,
    "origin": "derived"
   },
   {
    "id": "residual-s43-screen",
    "kind": "file",
    "access": "public",
    "download": true,
    "origin": "derived"
   },
   {
    "id": "residual-s20-series",
    "kind": "file",
    "access": "public",
    "download": true,
    "origin": "derived"
   },
   {
    "id": "residual-s43-series",
    "kind": "file",
    "access": "public",
    "download": true,
    "origin": "derived"
   },
   {
    "id": "recovery-report",
    "kind": "document",
    "access": "public",
    "download": true,
    "origin": "project"
   },
   {
    "id": "recovery-search-log",
    "kind": "document",
    "access": "public",
    "download": true,
    "origin": "project"
   },
   {
    "id": "recovery-results",
    "kind": "file",
    "access": "public",
    "download": true,
    "origin": "derived"
   }
  ]
 },
 {
  "id": "tier1-baseline-pack-2026-09",
  "status": "published",
  "type": "dataset",
  "items": [
   {
    "id": "pack-search-log",
    "kind": "document",
    "access": "public",
    "download": true,
    "origin": "project"
   },
   {
    "id": "pack-readme",
    "kind": "document",
    "access": "public",
    "download": true,
    "origin": "project"
   },
   {
    "id": "pack-01-mast",
    "kind": "archive_manifest",
    "access": "public",
    "download": true,
    "origin": "derived"
   },
   {
    "id": "pack-02-gaia",
    "kind": "archive_manifest",
    "access": "public",
    "download": true,
    "origin": "derived"
   },
   {
    "id": "pack-03-skyview",
    "kind": "archive_manifest",
    "access": "public",
    "download": true,
    "origin": "derived"
   },
   {
    "id": "pack-04-cds",
    "kind": "archive_manifest",
    "access": "public",
    "download": true,
    "origin": "derived"
   },
   {
    "id": "pack-05-ned",
    "kind": "archive_manifest",
    "access": "public",
    "download": true,
    "origin": "derived"
   },
   {
    "id": "pack-06-eso",
    "kind": "archive_manifest",
    "access": "public",
    "download": true,
    "origin": "derived"
   },
   {
    "id": "pack-07-irsa",
    "kind": "archive_manifest",
    "access": "public",
    "download": true,
    "origin": "derived"
   },
   {
    "id": "pack-08-legacy-survey",
    "kind": "archive_manifest",
    "access": "public",
    "download": true,
    "origin": "derived"
   },
   {
    "id": "pack-mast-early",
    "kind": "archive_manifest",
    "access": "restricted",
    "download": false,
    "origin": "derived"
   },
   {
    "id": "ingest-runs",
    "kind": "ledger_runs",
    "access": "public",
    "download": true,
    "origin": "derived"
   },
   {
    "id": "name-resolutions",
    "kind": "file",
    "access": "public",
    "download": true,
    "origin": "derived"
   }
  ]
 }
dry build ok: 569 pages, 577 public files
]
